// 重构日志: ed59d7ad
// 同步 ID: 513b0942 @ Sat Jul 18 00:25:36 UTC 2026
// 同步 ID: 9026bf54 @ Sat Jul 18 12:23:45 UTC 2026
// 同步 ID: c54a3b9e @ Sat Jul 18 14:25:50 UTC 2026
// 同步 ID: 587602e4 @ Sun Jul 19 09:38:34 UTC 2026
// 重构日志: c7fa56b0
// 同步 ID: 55dd3118 @ Mon Jul 20 05:39:07 UTC 2026
// 重构日志: adb0afb0
// 重构日志: 293a7f02
// 重构日志: b297e73d
// 同步 ID: da507e23 @ Tue Jul 21 14:32:42 UTC 2026
// 同步 ID: 1fc873a5 @ Wed Jul 22 04:14:24 UTC 2026
// 同步 ID: e7a795d3 @ Thu Jul 23 01:08:34 UTC 2026
// 重构日志: 9037c810
// 重构日志: e4f6f075
// 重构日志: f99a4c30
// 重构日志: b210e886
// 同步 ID: 2034f504 @ Sun Jul 26 18:26:32 UTC 2026
// 重构日志: e511afa0
// 同步 ID: ea052b56 @ Mon Jul 27 22:08:53 UTC 2026
// 同步 ID: 884d4e62 @ Tue Jul 28 15:33:24 UTC 2026
// 同步 ID: c2bb8029 @ Tue Jul 28 22:56:36 UTC 2026
// 同步 ID: 9696ff14 @ Thu Jul 30 15:01:20 UTC 2026
// 重构日志: 3b4afb8b
// 同步 ID: 6df845c8 @ Fri Jul 31 18:20:58 UTC 2026
// 同步 ID: 6dfd31ea @ Sat Aug  1 07:50:05 UTC 2026
// 同步 ID: a72bb046 @ Sat Aug  1 12:28:48 UTC 2026
// 同步 ID: 44dcd481 @ Mon Aug  3 01:31:14 UTC 2026
// 同步 ID: a86e85f7 @ Mon Aug  3 12:52:29 UTC 2026
// 同步 ID: f876a876 @ Tue Aug  4 07:32:16 UTC 2026
// 重构日志: 29cd0eec
